// Jest Snapshot v1, https://goo.gl/fbAQLP

exports[`Plugin Snapshot 1`] = `
Object {
  "plugin": Object {
    "data": Object {
      "default": Object {
        "dependencies": Object {
          "grafanaVersion": "5.x.x",
          "plugins": Array [],
        },
        "id": "agenty-flowcharting-panel",
        "info": Object {
          "author": Object {
            "name": "Arnaud GENTY",
            "url": "https://github.com/algenty/grafana-flowcharting",
          },
          "description": "Enhanced and complexe diagrams,flowchart, floorplans, ... for grafana based on draw.io editor",
          "keywords": Array [
            "flowchart",
            "panel",
            "diagram",
            "workflow",
            "floorplan",
            "map",
            "organigram",
            "draw.io",
            "visio",
            "mxgraph",
          ],
          "links": Array [
            Object {
              "name": "Project site",
              "url": "https://github.com/algenty/grafana-flowcharting",
            },
            Object {
              "name": "Apache License",
              "url": "https://github.com/algenty/grafana-flowcharting/blob/master/LICENSE",
            },
          ],
          "logos": Object {
            "large": "img/agenty-flowcharting.svg",
            "small": "img/agenty-flowcharting.svg",
          },
          "updated": "2019-04-03",
          "version": "0.3.0",
        },
        "name": "FlowCharting",
        "type": "panel",
      },
      "dependencies": Object {
        "grafanaVersion": "5.x.x",
        "plugins": Array [],
      },
      "id": "agenty-flowcharting-panel",
      "info": Object {
        "author": Object {
          "name": "Arnaud GENTY",
          "url": "https://github.com/algenty/grafana-flowcharting",
        },
        "description": "Enhanced and complexe diagrams,flowchart, floorplans, ... for grafana based on draw.io editor",
        "keywords": Array [
          "flowchart",
          "panel",
          "diagram",
          "workflow",
          "floorplan",
          "map",
          "organigram",
          "draw.io",
          "visio",
          "mxgraph",
        ],
        "links": Array [
          Object {
            "name": "Project site",
            "url": "https://github.com/algenty/grafana-flowcharting",
          },
          Object {
            "name": "Apache License",
            "url": "https://github.com/algenty/grafana-flowcharting/blob/master/LICENSE",
          },
        ],
        "logos": Object {
          "large": "img/agenty-flowcharting.svg",
          "small": "img/agenty-flowcharting.svg",
        },
        "updated": "2019-04-03",
        "version": "0.3.0",
      },
      "name": "FlowCharting",
      "type": "panel",
    },
    "getRootPath": [Function],
  },
}
`;
