// Jest Snapshot v1, https://goo.gl/fbAQLP

exports[`Rule New Should be equals 1`] = `
Object {
  "aggregation": "current",
  "alias": "myRule",
  "colors": Array [
    "rgba(245, 54, 54, 0.9)",
    "rgba(237, 129, 40, 0.89)",
    "rgba(50, 172, 45, 0.97)",
  ],
  "column": "Time",
  "dateFormat": "YYYY-MM-DD HH:mm:ss",
  "decimals": 2,
  "eventData": Array [],
  "eventProp": "id",
  "eventRegEx": false,
  "gradient": false,
  "hidden": false,
  "invert": false,
  "linkData": Array [],
  "linkProp": "id",
  "linkRegEx": true,
  "mappingType": 1,
  "metricType": "serie",
  "order": 1,
  "overlayIcon": false,
  "pattern": "/.*/",
  "rangeData": Array [],
  "reduce": true,
  "refId": "A",
  "sanitize": false,
  "shapeData": Array [
    Object {
      "colorOn": "a",
      "hidden": false,
      "pattern": "/.*Toto.*/",
      "style": "fillColor",
    },
  ],
  "shapeProp": "id",
  "shapeRegEx": true,
  "stringThresholds": Array [
    "/.*/",
    "/.*/",
  ],
  "textData": Array [],
  "textProp": "id",
  "textRegEx": true,
  "thresholds": Array [
    50,
    80,
  ],
  "tooltip": false,
  "tooltipColors": false,
  "tooltipLabel": "",
  "tooltipOn": "a",
  "tpDirection": "v",
  "tpGraph": false,
  "tpGraphHigh": null,
  "tpGraphLow": null,
  "tpGraphScale": "linear",
  "tpGraphSize": "100%",
  "tpGraphType": "line",
  "type": "number",
  "unit": "short",
  "valueData": Array [],
}
`;
