// Jest Snapshot v1, https://goo.gl/fbAQLP

exports[`Rule New Should be equals 1`] = `
Object {
  "aggregation": "current",
  "alias": "myRule",
  "column": "Time",
  "dateColumn": "Time",
  "dateFormat": "YYYY-MM-DD HH:mm:ss",
  "dateTHData": Array [],
  "decimals": 2,
  "eventData": Array [],
  "eventProp": "id",
  "eventRegEx": false,
  "gradient": false,
  "hidden": false,
  "invert": false,
  "linkData": Array [],
  "linkProp": "id",
  "linkRegEx": true,
  "mappingType": 1,
  "metricType": "serie",
  "newRule": true,
  "numberTHData": Array [
    Object {
      "color": "COLOR1",
      "comparator": "ge",
      "level": 0,
      "value": 50,
    },
    Object {
      "color": "COLOR2",
      "comparator": "ge",
      "level": 0,
      "value": 80,
    },
  ],
  "order": 1,
  "overlayIcon": false,
  "pattern": "/.*/",
  "rangeData": Array [],
  "reduce": true,
  "refId": "A",
  "sanitize": false,
  "shapeData": Array [
    Object {
      "colorOn": "a",
      "hidden": false,
      "pattern": "/.*Toto.*/",
      "style": "fillColor",
    },
  ],
  "shapeProp": "id",
  "shapeRegEx": true,
  "stringTHData": Array [],
  "textData": Array [],
  "textProp": "id",
  "textRegEx": true,
  "tooltip": false,
  "tooltipColors": false,
  "tooltipLabel": "",
  "tooltipOn": "a",
  "tpDirection": "v",
  "tpGraph": false,
  "tpGraphHigh": null,
  "tpGraphLow": null,
  "tpGraphScale": "linear",
  "tpGraphSize": "100%",
  "tpGraphType": "line",
  "type": "number",
  "unit": "short",
  "valueData": Array [],
}
`;
