// Jest Snapshot v1, https://goo.gl/fbAQLP

exports[`Rule Should be equals 1`] = `
Object {
  "aggregation": "current",
  "alias": "",
  "colorOn": "a",
  "colors": Array [
    "rgba(245, 54, 54, 0.9)",
    "rgba(237, 129, 40, 0.89)",
    "rgba(50, 172, 45, 0.97)",
  ],
  "dateFormat": "YYYY-MM-DD HH:mm:ss",
  "decimals": 2,
  "invert": false,
  "linkData": Array [],
  "linkProp": "id",
  "mappingType": 1,
  "pattern": "/.*/",
  "rangeData": Array [],
  "sanitize": false,
  "shapeData": Array [],
  "shapeProp": "id",
  "style": "fillColor",
  "textData": Array [],
  "textOn": "wmd",
  "textPattern": "/.*/",
  "textProp": "id",
  "textReplace": "content",
  "thresholds": Array [],
  "type": "number",
  "unit": "short",
  "valueData": Array [],
}
`;
